========== Preparing locked clean-data policies ==========
Random fault repeat 1/30
Random fault repeat 2/30
Random fault repeat 3/30
Random fault repeat 4/30
Random fault repeat 5/30
Random fault repeat 6/30
Random fault repeat 7/30
Random fault repeat 8/30
Random fault repeat 9/30
Random fault repeat 10/30
Random fault repeat 11/30
Random fault repeat 12/30
Random fault repeat 13/30
Random fault repeat 14/30
Random fault repeat 15/30
Random fault repeat 16/30
Random fault repeat 17/30
Random fault repeat 18/30
Random fault repeat 19/30
Random fault repeat 20/30
Random fault repeat 21/30
Random fault repeat 22/30
Random fault repeat 23/30
Random fault repeat 24/30
Random fault repeat 25/30
Random fault repeat 26/30
Random fault repeat 27/30
Random fault repeat 28/30
Random fault repeat 29/30
Random fault repeat 30/30

========== Randomized fault statistics ==========
     Dataset      IndependentUnitN    TechnicalRepeatN    FullRelativeMAE    AutoRelativeMAE    MeanPairedDifference    RelativeImprovementPercent    UnitsImproved    UnitsWorsened      RawP       SignedRankStatistic    BootstrapCILower    BootstrapCIUpper    HolmAdjustedP    SignificantAfterHolm
    __________    ________________    ________________    _______________    _______________    ____________________    __________________________    _____________    _____________    _________    ___________________    ________________    ________________    _____________    ____________________

    "NUAA"                9                  30               1.4594             1.0832               -0.37613                    25.774                    8                1           0.011719             2                 -0.65839            -0.13456          0.023438              true         
    "PHM2010"             3                  30                1.191             1.0178                -0.1732                    14.543                    2                1                0.5             1                 -0.46509           0.0081756               0.5              false        
    "Combined"           12                  30               1.3923             1.0669                -0.3254                    23.372                   10                2          0.0048828             5                 -0.55016            -0.12776          0.014648              true         


========== Detection summary ==========
     Dataset     TargetSensor      FaultType      TechnicalRepeatN    MeanCorrectDetectionRate    SDCorrectDetectionRate    MeanMAEImprovementPercent    MeanDurationFraction    MeanSeverity
    _________    _____________    ____________    ________________    ________________________    ______________________    _________________________    ____________________    ____________

    "NUAA"       "force_z"        "Saturation"           30                    0.98575                    0.011074                    53.391                   0.39902             0.39902   
    "NUAA"       "force_z"        "Dropout"              30                    0.93136                    0.015129                    20.619                   0.39628             0.39628   
    "NUAA"       "force_z"        "Bias"                 30                    0.62237                    0.041053                    29.116                   0.60519              1.7233   
    "NUAA"       "force_z"        "Noise"                30                    0.64232                    0.031503                    48.252                    0.6002              1.1164   
    "NUAA"       "vibration_x"    "Saturation"           30                          1                           0                   -3.2511                   0.40271             0.40271   
    "NUAA"       "vibration_x"    "Dropout"              30                          1                           0                   -1.6135                   0.40127             0.40127   
    "NUAA"       "vibration_x"    "Bias"                 30                     0.5136                    0.035866                    1.3741                   0.59446              1.7469   
    "NUAA"       "vibration_x"    "Noise"                30                    0.10461                    0.015293                   0.48525                   0.59274              1.1165   
    "NUAA"       "vibration_y"    "Saturation"           30                          1                           0                    24.958                   0.40274             0.40274   
    "NUAA"       "vibration_y"    "Dropout"              30                          1                           0                     9.115                   0.39852             0.39852   
    "NUAA"       "vibration_y"    "Bias"                 30                    0.66184                    0.032165                    17.734                   0.60332              1.7356   
    "NUAA"       "vibration_y"    "Noise"                30                    0.15592                    0.023382                    5.0711                   0.60471               1.129   
    "PHM2010"    "force_z"        "Saturation"           30                          1                           0                    41.167                   0.40043             0.40043   
    "PHM2010"    "force_z"        "Dropout"              30                          1                           0                    50.017                    0.3993              0.3993   
    "PHM2010"    "force_z"        "Bias"                 30                    0.78145                    0.014421                    20.785                   0.60221               1.746   
    "PHM2010"    "force_z"        "Noise"                30                    0.64931                    0.012566                    13.281                   0.60307              1.1259   
    "PHM2010"    "vibration_x"    "Saturation"           30                    0.99894                  4.5168e-16                    13.152                   0.40293             0.40293   
    "PHM2010"    "vibration_x"    "Dropout"              30                    0.99845                  0.00053695                   -1.5751                   0.39972             0.39972   
    "PHM2010"    "vibration_x"    "Bias"                 30                    0.45026                    0.012334                    15.982                   0.59964              1.7576   
    "PHM2010"    "vibration_x"    "Noise"                30                    0.13852                    0.006327                    4.5711                   0.60142              1.1246   
    "PHM2010"    "vibration_y"    "Saturation"           30                    0.99894                  4.5168e-16                    5.7817                   0.39985             0.39985   
    "PHM2010"    "vibration_y"    "Dropout"              30                     0.7824                    0.010366                   -9.2999                   0.39953             0.39953   
    "PHM2010"    "vibration_y"    "Bias"                 30                     0.1115                   0.0078576                    1.9815                   0.59925              1.7568   
    "PHM2010"    "vibration_y"    "Noise"                30                  0.0026102                   0.0016612                    2.4825                   0.60174               1.122   


========== Deployable-baseline comparisons ==========
                 Comparator                 IndependentUnitN    TechnicalRepeatN    ComparatorRelativeMAE    SQTRRelativeMAE    MeanDifferenceComparatorMinusSQTR    BootstrapCILower    BootstrapCIUpper    RelativeReductionPercent    UnitsFavoringSQTR    UnitsFavoringComparator    SignedRankStatistic     RawP      HolmAdjustedP    SignificantAfterHolm
    ____________________________________    ________________    ________________    _____________________    _______________    _________________________________    ________________    ________________    ________________________    _________________    _______________________    ___________________    _______    _____________    ____________________

    "Detector-guided median replacement"           12                  30                  1.0397                1.0669                     -0.027198                   -0.089586            0.023445                -2.6161                     6                       6                       36              0.8501        0.8501              false        
    "Mask-aware sensor-dropout ridge"              12                  30                  1.0475                1.0669                     -0.019344                   -0.068265            0.026661                -1.8466                     4                       8                       28             0.42383       0.84766              false        


Saved to:
C:\Users\66485\Documents\¼Ö\sqtr-tool-wear-estimation\targeted_reviewer_experiments\detector_threshold_sensitivity\floor3_q97p5
