========== Preparing locked clean-data policies ==========
Concurrent-pair repeat 1/30
Concurrent-pair repeat 2/30
Concurrent-pair repeat 3/30
Concurrent-pair repeat 4/30
Concurrent-pair repeat 5/30
Concurrent-pair repeat 6/30
Concurrent-pair repeat 7/30
Concurrent-pair repeat 8/30
Concurrent-pair repeat 9/30
Concurrent-pair repeat 10/30
Concurrent-pair repeat 11/30
Concurrent-pair repeat 12/30
Concurrent-pair repeat 13/30
Concurrent-pair repeat 14/30
Concurrent-pair repeat 15/30
Concurrent-pair repeat 16/30
Concurrent-pair repeat 17/30
Concurrent-pair repeat 18/30
Concurrent-pair repeat 19/30
Concurrent-pair repeat 20/30
Concurrent-pair repeat 21/30
Concurrent-pair repeat 22/30
Concurrent-pair repeat 23/30
Concurrent-pair repeat 24/30
Concurrent-pair repeat 25/30
Concurrent-pair repeat 26/30
Concurrent-pair repeat 27/30
Concurrent-pair repeat 28/30
Concurrent-pair repeat 29/30
Concurrent-pair repeat 30/30

========== Concurrent-pair strategy statistics ==========
          Response           IndependentUnitN    TechnicalRepeatN    FixedRelativeMAE    ResponseRelativeMAE    FixedMinusResponse    BootstrapCI_Lower    BootstrapCI_Upper    UnitsFavourResponse    UnitsFavourFixed    TiedUnits    SignedRankStatistic      RawP       HolmAdjustedP    SignificantAfterHolm
    _____________________    ________________    ________________    ________________    ___________________    __________________    _________________    _________________    ___________________    ________________    _________    ___________________    _________    _____________    ____________________

    "Median replacement"            12                  30                1.7702               1.1142                0.65602               0.27128               1.1173                 10                    2                0                73             0.0048828      0.0097656             true         
    "Single-channel SQTR"           12                  30                1.7702               1.4339                0.33628               0.13755              0.56343                 11                    1                0                75             0.0024414      0.0073242             true         
    "Subset routing"                12                  30                1.7702               1.1501                0.62013               0.24695                1.075                 10                    2                0                72             0.0068359      0.0097656             true         


========== Subset routing versus single-channel SQTR ==========
    IndependentUnitN    TechnicalRepeatN    SingleSQTR_RelativeMAE    SubsetRoutingRelativeMAE    SingleMinusSubset    BootstrapCI_Lower    BootstrapCI_Upper    UnitsFavourSubset    UnitsFavourSingle    SignedRankStatistic    ExactP 
    ________________    ________________    ______________________    ________________________    _________________    _________________    _________________    _________________    _________________    ___________________    _______

           12                  30                   1.4339                     1.1501                  0.28385             0.073155              0.52868                 8                    4                    66             0.03418


Saved concurrent-pair results to:
C:\Users\66485\Documents\¼Ö\sqtr-tool-wear-estimation\targeted_reviewer_experiments\concurrent_pair_subset_routing\results
